Archive member included to satisfy reference by file (symbol)

c:/st/stm32cubeide_1.12.0/stm32cubeide/plugins/com.st.stm32cube.ide.mcu.externaltools.gnu-tools-for-stm32.10.3-2021.10.win32_1.0.200.202301161003/tools/bin/../lib/gcc/arm-none-eabi/10.3.1/../../../../arm-none-eabi/lib/thumb/v7e-m+fp/hard\libc_nano.a(lib_a-errno.o)
                              ./Core/Src/syscalls.o (__errno)
c:/st/stm32cubeide_1.12.0/stm32cubeide/plugins/com.st.stm32cube.ide.mcu.externaltools.gnu-tools-for-stm32.10.3-2021.10.win32_1.0.200.202301161003/tools/bin/../lib/gcc/arm-none-eabi/10.3.1/../../../../arm-none-eabi/lib/thumb/v7e-m+fp/hard\libc_nano.a(lib_a-exit.o)
                              c:/st/stm32cubeide_1.12.0/stm32cubeide/plugins/com.st.stm32cube.ide.mcu.externaltools.gnu-tools-for-stm32.10.3-2021.10.win32_1.0.200.202301161003/tools/bin/../lib/gcc/arm-none-eabi/10.3.1/../../../../arm-none-eabi/lib/thumb/v7e-m+fp/hard/crt0.o (exit)
c:/st/stm32cubeide_1.12.0/stm32cubeide/plugins/com.st.stm32cube.ide.mcu.externaltools.gnu-tools-for-stm32.10.3-2021.10.win32_1.0.200.202301161003/tools/bin/../lib/gcc/arm-none-eabi/10.3.1/../../../../arm-none-eabi/lib/thumb/v7e-m+fp/hard\libc_nano.a(lib_a-impure.o)
                              c:/st/stm32cubeide_1.12.0/stm32cubeide/plugins/com.st.stm32cube.ide.mcu.externaltools.gnu-tools-for-stm32.10.3-2021.10.win32_1.0.200.202301161003/tools/bin/../lib/gcc/arm-none-eabi/10.3.1/../../../../arm-none-eabi/lib/thumb/v7e-m+fp/hard\libc_nano.a(lib_a-exit.o) (_global_impure_ptr)
c:/st/stm32cubeide_1.12.0/stm32cubeide/plugins/com.st.stm32cube.ide.mcu.externaltools.gnu-tools-for-stm32.10.3-2021.10.win32_1.0.200.202301161003/tools/bin/../lib/gcc/arm-none-eabi/10.3.1/../../../../arm-none-eabi/lib/thumb/v7e-m+fp/hard\libc_nano.a(lib_a-init.o)
                              c:/st/stm32cubeide_1.12.0/stm32cubeide/plugins/com.st.stm32cube.ide.mcu.externaltools.gnu-tools-for-stm32.10.3-2021.10.win32_1.0.200.202301161003/tools/bin/../lib/gcc/arm-none-eabi/10.3.1/../../../../arm-none-eabi/lib/thumb/v7e-m+fp/hard/crt0.o (__libc_init_array)
c:/st/stm32cubeide_1.12.0/stm32cubeide/plugins/com.st.stm32cube.ide.mcu.externaltools.gnu-tools-for-stm32.10.3-2021.10.win32_1.0.200.202301161003/tools/bin/../lib/gcc/arm-none-eabi/10.3.1/../../../../arm-none-eabi/lib/thumb/v7e-m+fp/hard\libc_nano.a(lib_a-memset.o)
                              c:/st/stm32cubeide_1.12.0/stm32cubeide/plugins/com.st.stm32cube.ide.mcu.externaltools.gnu-tools-for-stm32.10.3-2021.10.win32_1.0.200.202301161003/tools/bin/../lib/gcc/arm-none-eabi/10.3.1/../../../../arm-none-eabi/lib/thumb/v7e-m+fp/hard/crt0.o (memset)
c:/st/stm32cubeide_1.12.0/stm32cubeide/plugins/com.st.stm32cube.ide.mcu.externaltools.gnu-tools-for-stm32.10.3-2021.10.win32_1.0.200.202301161003/tools/bin/../lib/gcc/arm-none-eabi/10.3.1/../../../../arm-none-eabi/lib/thumb/v7e-m+fp/hard\libc_nano.a(lib_a-strlen.o)
                              ./Core/Src/fonts.o (strlen)
c:/st/stm32cubeide_1.12.0/stm32cubeide/plugins/com.st.stm32cube.ide.mcu.externaltools.gnu-tools-for-stm32.10.3-2021.10.win32_1.0.200.202301161003/tools/bin/../lib/gcc/arm-none-eabi/10.3.1/thumb/v7e-m+fp/hard\libgcc.a(_aeabi_uldivmod.o)
                              ./Drivers/STM32F4xx_HAL_Driver/Src/stm32f4xx_hal_rcc.o (__aeabi_uldivmod)
c:/st/stm32cubeide_1.12.0/stm32cubeide/plugins/com.st.stm32cube.ide.mcu.externaltools.gnu-tools-for-stm32.10.3-2021.10.win32_1.0.200.202301161003/tools/bin/../lib/gcc/arm-none-eabi/10.3.1/thumb/v7e-m+fp/hard\libgcc.a(_udivmoddi4.o)
                              c:/st/stm32cubeide_1.12.0/stm32cubeide/plugins/com.st.stm32cube.ide.mcu.externaltools.gnu-tools-for-stm32.10.3-2021.10.win32_1.0.200.202301161003/tools/bin/../lib/gcc/arm-none-eabi/10.3.1/thumb/v7e-m+fp/hard\libgcc.a(_aeabi_uldivmod.o) (__udivmoddi4)
c:/st/stm32cubeide_1.12.0/stm32cubeide/plugins/com.st.stm32cube.ide.mcu.externaltools.gnu-tools-for-stm32.10.3-2021.10.win32_1.0.200.202301161003/tools/bin/../lib/gcc/arm-none-eabi/10.3.1/thumb/v7e-m+fp/hard\libgcc.a(_dvmd_tls.o)
                              c:/st/stm32cubeide_1.12.0/stm32cubeide/plugins/com.st.stm32cube.ide.mcu.externaltools.gnu-tools-for-stm32.10.3-2021.10.win32_1.0.200.202301161003/tools/bin/../lib/gcc/arm-none-eabi/10.3.1/thumb/v7e-m+fp/hard\libgcc.a(_aeabi_uldivmod.o) (__aeabi_ldiv0)

Discarded input sections

 .text          0x0000000000000000        0x0 c:/st/stm32cubeide_1.12.0/stm32cubeide/plugins/com.st.stm32cube.ide.mcu.externaltools.gnu-tools-for-stm32.10.3-2021.10.win32_1.0.200.202301161003/tools/bin/../lib/gcc/arm-none-eabi/10.3.1/thumb/v7e-m+fp/hard/crti.o
 .data          0x0000000000000000        0x0 c:/st/stm32cubeide_1.12.0/stm32cubeide/plugins/com.st.stm32cube.ide.mcu.externaltools.gnu-tools-for-stm32.10.3-2021.10.win32_1.0.200.202301161003/tools/bin/../lib/gcc/arm-none-eabi/10.3.1/thumb/v7e-m+fp/hard/crti.o
[...]
Memory Configuration

Name             Origin             Length             Attributes
RAM              0x0000000020000000 0x0000000000020000 xrw
FLASH            0x0000000008000000 0x0000000000080000 xr
*default*        0x0000000000000000 0xffffffffffffffff

Linker script and memory map

LOAD c:/st/stm32cubeide_1.12.0/stm32cubeide/plugins/com.st.stm32cube.ide.mcu.externaltools.gnu-tools-for-stm32.10.3-2021.10.win32_1.0.200.202301161003/tools/bin/../lib/gcc/arm-none-eabi/10.3.1/thumb/v7e-m+fp/hard/crti.o
LOAD c:/st/stm32cubeide_1.12.0/stm32cubeide/plugins/com.st.stm32cube.ide.mcu.externaltools.gnu-tools-for-stm32.10.3-2021.10.win32_1.0.200.202301161003/tools/bin/../lib/gcc/arm-none-eabi/10.3.1/thumb/v7e-m+fp/hard/crtbegin.o
LOAD c:/st/stm32cubeide_1.12.0/stm32cubeide/plugins/com.st.stm32cube.ide.mcu.externaltools.gnu-tools-for-stm32.10.3-2021.10.win32_1.0.200.202301161003/tools/bin/../lib/gcc/arm-none-eabi/10.3.1/../../../../arm-none-eabi/lib/thumb/v7e-m+fp/hard/crt0.o
LOAD ./Core/Src/fonts.o
LOAD ./Core/Src/gpio.o
LOAD ./Core/Src/i2c.o
LOAD ./Core/Src/main.o
LOAD ./Core/Src/ssd1306.o
LOAD ./Core/Src/stm32f4xx_hal_msp.o
LOAD ./Core/Src/stm32f4xx_it.o
LOAD ./Core/Src/syscalls.o
LOAD ./Core/Src/sysmem.o
LOAD ./Core/Src/system_stm32f4xx.o
LOAD ./Core/Src/tim.o
LOAD ./Core/Src/usart.o
LOAD ./Core/Startup/startup_stm32f446retx.o
LOAD ./Drivers/STM32F4xx_HAL_Driver/Src/stm32f4xx_hal.o
LOAD ./Drivers/STM32F4xx_HAL_Driver/Src/stm32f4xx_hal_cortex.o
LOAD ./Drivers/STM32F4xx_HAL_Driver/Src/stm32f4xx_hal_dma.o
LOAD ./Drivers/STM32F4xx_HAL_Driver/Src/stm32f4xx_hal_dma_ex.o
LOAD ./Drivers/STM32F4xx_HAL_Driver/Src/stm32f4xx_hal_exti.o
LOAD ./Drivers/STM32F4xx_HAL_Driver/Src/stm32f4xx_hal_flash.o
LOAD ./Drivers/STM32F4xx_HAL_Driver/Src/stm32f4xx_hal_flash_ex.o
LOAD ./Drivers/STM32F4xx_HAL_Driver/Src/stm32f4xx_hal_flash_ramfunc.o
LOAD ./Drivers/STM32F4xx_HAL_Driver/Src/stm32f4xx_hal_gpio.o
LOAD ./Drivers/STM32F4xx_HAL_Driver/Src/stm32f4xx_hal_i2c.o
LOAD ./Drivers/STM32F4xx_HAL_Driver/Src/stm32f4xx_hal_i2c_ex.o
LOAD ./Drivers/STM32F4xx_HAL_Driver/Src/stm32f4xx_hal_pwr.o
LOAD ./Drivers/STM32F4xx_HAL_Driver/Src/stm32f4xx_hal_pwr_ex.o
LOAD ./Drivers/STM32F4xx_HAL_Driver/Src/stm32f4xx_hal_rcc.o
LOAD ./Drivers/STM32F4xx_HAL_Driver/Src/stm32f4xx_hal_rcc_ex.o
LOAD ./Drivers/STM32F4xx_HAL_Driver/Src/stm32f4xx_hal_tim.o
LOAD ./Drivers/STM32F4xx_HAL_Driver/Src/stm32f4xx_hal_tim_ex.o
LOAD ./Drivers/STM32F4xx_HAL_Driver/Src/stm32f4xx_hal_uart.o
START GROUP
LOAD c:/st/stm32cubeide_1.12.0/stm32cubeide/plugins/com.st.stm32cube.ide.mcu.externaltools.gnu-tools-for-stm32.10.3-2021.10.win32_1.0.200.202301161003/tools/bin/../lib/gcc/arm-none-eabi/10.3.1/../../../../arm-none-eabi/lib/thumb/v7e-m+fp/hard\libc_nano.a
LOAD c:/st/stm32cubeide_1.12.0/stm32cubeide/plugins/com.st.stm32cube.ide.mcu.externaltools.gnu-tools-for-stm32.10.3-2021.10.win32_1.0.200.202301161003/tools/bin/../lib/gcc/arm-none-eabi/10.3.1/../../../../arm-none-eabi/lib/thumb/v7e-m+fp/hard\libm.a
END GROUP
START GROUP
LOAD c:/st/stm32cubeide_1.12.0/stm32cubeide/plugins/com.st.stm32cube.ide.mcu.externaltools.gnu-tools-for-stm32.10.3-2021.10.win32_1.0.200.202301161003/tools/bin/../lib/gcc/arm-none-eabi/10.3.1/thumb/v7e-m+fp/hard\libgcc.a
LOAD c:/st/stm32cubeide_1.12.0/stm32cubeide/plugins/com.st.stm32cube.ide.mcu.externaltools.gnu-tools-for-stm32.10.3-2021.10.win32_1.0.200.202301161003/tools/bin/../lib/gcc/arm-none-eabi/10.3.1/../../../../arm-none-eabi/lib/thumb/v7e-m+fp/hard\libc_nano.a
END GROUP
START GROUP
LOAD c:/st/stm32cubeide_1.12.0/stm32cubeide/plugins/com.st.stm32cube.ide.mcu.externaltools.gnu-tools-for-stm32.10.3-2021.10.win32_1.0.200.202301161003/tools/bin/../lib/gcc/arm-none-eabi/10.3.1/thumb/v7e-m+fp/hard\libgcc.a
LOAD c:/st/stm32cubeide_1.12.0/stm32cubeide/plugins/com.st.stm32cube.ide.mcu.externaltools.gnu-tools-for-stm32.10.3-2021.10.win32_1.0.200.202301161003/tools/bin/../lib/gcc/arm-none-eabi/10.3.1/../../../../arm-none-eabi/lib/thumb/v7e-m+fp/hard\libc_nano.a
LOAD c:/st/stm32cubeide_1.12.0/stm32cubeide/plugins/com.st.stm32cube.ide.mcu.externaltools.gnu-tools-for-stm32.10.3-2021.10.win32_1.0.200.202301161003/tools/bin/../lib/gcc/arm-none-eabi/10.3.1/../../../../arm-none-eabi/lib/thumb/v7e-m+fp/hard\libnosys.a
END GROUP
START GROUP
LOAD c:/st/stm32cubeide_1.12.0/stm32cubeide/plugins/com.st.stm32cube.ide.mcu.externaltools.gnu-tools-for-stm32.10.3-2021.10.win32_1.0.200.202301161003/tools/bin/../lib/gcc/arm-none-eabi/10.3.1/thumb/v7e-m+fp/hard\libgcc.a
LOAD c:/st/stm32cubeide_1.12.0/stm32cubeide/plugins/com.st.stm32cube.ide.mcu.externaltools.gnu-tools-for-stm32.10.3-2021.10.win32_1.0.200.202301161003/tools/bin/../lib/gcc/arm-none-eabi/10.3.1/../../../../arm-none-eabi/lib/thumb/v7e-m+fp/hard\libc_nano.a
LOAD c:/st/stm32cubeide_1.12.0/stm32cubeide/plugins/com.st.stm32cube.ide.mcu.externaltools.gnu-tools-for-stm32.10.3-2021.10.win32_1.0.200.202301161003/tools/bin/../lib/gcc/arm-none-eabi/10.3.1/../../../../arm-none-eabi/lib/thumb/v7e-m+fp/hard\libnosys.a
END GROUP
LOAD c:/st/stm32cubeide_1.12.0/stm32cubeide/plugins/com.st.stm32cube.ide.mcu.externaltools.gnu-tools-for-stm32.10.3-2021.10.win32_1.0.200.202301161003/tools/bin/../lib/gcc/arm-none-eabi/10.3.1/thumb/v7e-m+fp/hard/crtend.o
LOAD c:/st/stm32cubeide_1.12.0/stm32cubeide/plugins/com.st.stm32cube.ide.mcu.externaltools.gnu-tools-for-stm32.10.3-2021.10.win32_1.0.200.202301161003/tools/bin/../lib/gcc/arm-none-eabi/10.3.1/thumb/v7e-m+fp/hard/crtn.o
                0x0000000020020000                _estack = (ORIGIN (RAM) + LENGTH (RAM))
                0x0000000000000200                _Min_Heap_Size = 0x200
                0x0000000000000400                _Min_Stack_Size = 0x400

.isr_vector     0x0000000008000000      0x1c4
                0x0000000008000000                . = ALIGN (0x4)
 *(.isr_vector)
 .isr_vector    0x0000000008000000      0x1c4 ./Core/Startup/startup_stm32f446retx.o
                0x0000000008000000                g_pfnVectors
                0x00000000080001c4                . = ALIGN (0x4)

.text           0x00000000080001c4     0x5224
                0x00000000080001c4                . = ALIGN (0x4)
 *(.text)
 .text          0x00000000080001c4       0x40 c:/st/stm32cubeide_1.12.0/stm32cubeide/plugins/com.st.stm32cube.ide.mcu.externaltools.gnu-tools-for-stm32.10.3-2021.10.win32_1.0.200.202301161003/tools/bin/../lib/gcc/arm-none-eabi/10.3.1/thumb/v7e-m+fp/hard/crtbegin.o
 .text          0x0000000008000204       0x30 c:/st/stm32cubeide_1.12.0/stm32cubeide/plugins/com.st.stm32cube.ide.mcu.externaltools.gnu-tools-for-stm32.10.3-2021.10.win32_1.0.200.202301161003/tools/bin/../lib/gcc/arm-none-eabi/10.3.1/thumb/v7e-m+fp/hard\libgcc.a(_aeabi_uldivmod.o)
                0x0000000008000204                __aeabi_uldivmod
 .text          0x0000000008000234      0x2d0 c:/st/stm32cubeide_1.12.0/stm32cubeide/plugins/com.st.stm32cube.ide.mcu.externaltools.gnu-tools-for-stm32.10.3-2021.10.win32_1.0.200.202301161003/tools/bin/../lib/gcc/arm-none-eabi/10.3.1/thumb/v7e-m+fp/hard\libgcc.a(_udivmoddi4.o)
                0x0000000008000234                __udivmoddi4
 .text          0x0000000008000504        0x4 c:/st/stm32cubeide_1.12.0/stm32cubeide/plugins/com.st.stm32cube.ide.mcu.externaltools.gnu-tools-for-stm32.10.3-2021.10.win32_1.0.200.202301161003/tools/bin/../lib/gcc/arm-none-eabi/10.3.1/thumb/v7e-m+fp/hard\libgcc.a(_dvmd_tls.o)
                0x0000000008000504                __aeabi_idiv0
                0x0000000008000504                __aeabi_ldiv0
 *(.text*)
 .text.MX_GPIO_Init
                0x0000000008000508      0x120 ./Core/Src/gpio.o
                0x0000000008000508                MX_GPIO_Init
 .text.MX_I2C2_Init
                0x0000000008000628       0x5c ./Core/Src/i2c.o
                0x0000000008000628                MX_I2C2_Init
 .text.HAL_I2C_MspInit
                0x0000000008000684       0xd4 ./Core/Src/i2c.o
                0x0000000008000684                HAL_I2C_MspInit
 .text.Desligado
                0x0000000008000758       0x48 ./Core/Src/main.o
                0x0000000008000758                Desligado
 .text.Ligado   0x00000000080007a0       0x48 ./Core/Src/main.o
                0x00000000080007a0                Ligado
 .text.Rele_Desligado
                0x00000000080007e8       0x20 ./Core/Src/main.o
                0x00000000080007e8                Rele_Desligado
 .text.Rele_Ligado
                0x0000000008000808       0x20 ./Core/Src/main.o
                0x0000000008000808                Rele_Ligado
 .text.Header   0x0000000008000828       0x28 ./Core/Src/main.o
                0x0000000008000828                Header
 .text.HAL_TIM_PeriodElapsedCallback
                0x0000000008000850      0x134 ./Core/Src/main.o
                0x0000000008000850                HAL_TIM_PeriodElapsedCallback
 .text.main     0x0000000008000984      0x16c ./Core/Src/main.o
                0x0000000008000984                main
 .text.SystemClock_Config
                0x0000000008000af0       0xdc ./Core/Src/main.o
                0x0000000008000af0                SystemClock_Config
 .text.Error_Handler
                0x0000000008000bcc        0xa ./Core/Src/main.o
                0x0000000008000bcc                Error_Handler
 *fill*         0x0000000008000bd6        0x2 
 .text.SSD1306_Init
                0x0000000008000bd8      0x188 ./Core/Src/ssd1306.o
                0x0000000008000bd8                SSD1306_Init
 .text.SSD1306_UpdateScreen
                0x0000000008000d60       0x5c ./Core/Src/ssd1306.o
                0x0000000008000d60                SSD1306_UpdateScreen
 .text.SSD1306_Fill
                0x0000000008000dbc       0x30 ./Core/Src/ssd1306.o
                0x0000000008000dbc                SSD1306_Fill
 .text.SSD1306_DrawPixel
                0x0000000008000dec       0xc0 ./Core/Src/ssd1306.o
                0x0000000008000dec                SSD1306_DrawPixel
 .text.SSD1306_GotoXY
                0x0000000008000eac       0x2c ./Core/Src/ssd1306.o
                0x0000000008000eac                SSD1306_GotoXY
 .text.SSD1306_Putc
                0x0000000008000ed8      0x100 ./Core/Src/ssd1306.o
                0x0000000008000ed8                SSD1306_Putc
 .text.SSD1306_Puts
                0x0000000008000fd8       0x4a ./Core/Src/ssd1306.o
                0x0000000008000fd8                SSD1306_Puts
 .text.SSD1306_Clear
                0x0000000008001022       0x12 ./Core/Src/ssd1306.o
                0x0000000008001022                SSD1306_Clear
 .text.ssd1306_I2C_Init
                0x0000000008001034       0x2c ./Core/Src/ssd1306.o
                0x0000000008001034                ssd1306_I2C_Init
 .text.ssd1306_I2C_WriteMulti
                0x0000000008001060       0xcc ./Core/Src/ssd1306.o
                0x0000000008001060                ssd1306_I2C_WriteMulti
 .text.ssd1306_I2C_Write
                0x000000000800112c       0x3c ./Core/Src/ssd1306.o
                0x000000000800112c                ssd1306_I2C_Write
 .text.HAL_MspInit
                0x0000000008001168       0x50 ./Core/Src/stm32f4xx_hal_msp.o
                0x0000000008001168                HAL_MspInit
 .text.NMI_Handler
                0x00000000080011b8        0x6 ./Core/Src/stm32f4xx_it.o
                0x00000000080011b8                NMI_Handler
 .text.HardFault_Handler
                0x00000000080011be        0x6 ./Core/Src/stm32f4xx_it.o
                0x00000000080011be                HardFault_Handler
 .text.MemManage_Handler
                0x00000000080011c4        0x6 ./Core/Src/stm32f4xx_it.o
                0x00000000080011c4                MemManage_Handler
 .text.BusFault_Handler
                0x00000000080011ca        0x6 ./Core/Src/stm32f4xx_it.o
                0x00000000080011ca                BusFault_Handler
 .text.UsageFault_Handler
                0x00000000080011d0        0x6 ./Core/Src/stm32f4xx_it.o
                0x00000000080011d0                UsageFault_Handler
 .text.SVC_Handler
                0x00000000080011d6        0xe ./Core/Src/stm32f4xx_it.o
                0x00000000080011d6                SVC_Handler
 .text.DebugMon_Handler
                0x00000000080011e4        0xe ./Core/Src/stm32f4xx_it.o
                0x00000000080011e4                DebugMon_Handler
 .text.PendSV_Handler
                0x00000000080011f2        0xe ./Core/Src/stm32f4xx_it.o
                0x00000000080011f2                PendSV_Handler
 .text.SysTick_Handler
                0x0000000008001200        0xc ./Core/Src/stm32f4xx_it.o
                0x0000000008001200                SysTick_Handler
 .text.TIM1_UP_TIM10_IRQHandler
                0x000000000800120c       0x1c ./Core/Src/stm32f4xx_it.o
                0x000000000800120c                TIM1_UP_TIM10_IRQHandler
 .text.TIM1_TRG_COM_TIM11_IRQHandler
                0x0000000008001228       0x1c ./Core/Src/stm32f4xx_it.o
                0x0000000008001228                TIM1_TRG_COM_TIM11_IRQHandler
 .text.SystemInit
                0x0000000008001244       0x24 ./Core/Src/system_stm32f4xx.o
                0x0000000008001244                SystemInit
 .text.MX_TIM1_Init
                0x0000000008001268      0x140 ./Core/Src/tim.o
                0x0000000008001268                MX_TIM1_Init
 .text.MX_TIM4_Init
                0x00000000080013a8       0xa8 ./Core/Src/tim.o
                0x00000000080013a8                MX_TIM4_Init
 .text.MX_TIM10_Init
                0x0000000008001450       0x44 ./Core/Src/tim.o
                0x0000000008001450                MX_TIM10_Init
 .text.MX_TIM11_Init
                0x0000000008001494       0x48 ./Core/Src/tim.o
                0x0000000008001494                MX_TIM11_Init
 .text.HAL_TIM_Base_MspInit
                0x00000000080014dc       0xd8 ./Core/Src/tim.o
                0x00000000080014dc                HAL_TIM_Base_MspInit
 .text.HAL_TIM_Encoder_MspInit
                0x00000000080015b4       0x90 ./Core/Src/tim.o
                0x00000000080015b4                HAL_TIM_Encoder_MspInit
 .text.HAL_TIM_MspPostInit
                0x0000000008001644       0xb8 ./Core/Src/tim.o
                0x0000000008001644                HAL_TIM_MspPostInit
 .text.MX_USART2_UART_Init
                0x00000000080016fc       0x54 ./Core/Src/usart.o
                0x00000000080016fc                MX_USART2_UART_Init
 .text.HAL_UART_MspInit
                0x0000000008001750       0x90 ./Core/Src/usart.o
                0x0000000008001750                HAL_UART_MspInit
 .text.Reset_Handler
                0x00000000080017e0       0x50 ./Core/Startup/startup_stm32f446retx.o
                0x00000000080017e0                Reset_Handler
 .text.Default_Handler
                0x0000000008001830        0x2 ./Core/Startup/startup_stm32f446retx.o
                0x0000000008001830                RTC_Alarm_IRQHandler
                0x0000000008001830                EXTI2_IRQHandler
                0x0000000008001830                TIM8_CC_IRQHandler
                0x0000000008001830                FMPI2C1_EV_IRQHandler
                0x0000000008001830                SPI4_IRQHandler
                0x0000000008001830                TIM1_CC_IRQHandler
                0x0000000008001830                DMA2_Stream5_IRQHandler
                0x0000000008001830                DMA1_Stream5_IRQHandler
                0x0000000008001830                PVD_IRQHandler
                0x0000000008001830                SDIO_IRQHandler
                0x0000000008001830                TAMP_STAMP_IRQHandler
                0x0000000008001830                CAN2_RX1_IRQHandler
                0x0000000008001830                EXTI3_IRQHandler
                0x0000000008001830                TIM8_TRG_COM_TIM14_IRQHandler
                0x0000000008001830                TIM8_UP_TIM13_IRQHandler
                0x0000000008001830                I2C3_ER_IRQHandler
                0x0000000008001830                EXTI0_IRQHandler
                0x0000000008001830                I2C2_EV_IRQHandler
                0x0000000008001830                DMA1_Stream2_IRQHandler
                0x0000000008001830                CAN1_RX0_IRQHandler
                0x0000000008001830                FPU_IRQHandler
                0x0000000008001830                OTG_HS_WKUP_IRQHandler
                0x0000000008001830                CAN2_SCE_IRQHandler
                0x0000000008001830                DMA2_Stream2_IRQHandler
                0x0000000008001830                SPI1_IRQHandler
                0x0000000008001830                TIM6_DAC_IRQHandler
                0x0000000008001830                TIM1_BRK_TIM9_IRQHandler
                0x0000000008001830                DCMI_IRQHandler
                0x0000000008001830                CAN2_RX0_IRQHandler
                0x0000000008001830                DMA2_Stream3_IRQHandler
                0x0000000008001830                SAI2_IRQHandler
                0x0000000008001830                USART6_IRQHandler
                0x0000000008001830                USART3_IRQHandler
                0x0000000008001830                CAN1_RX1_IRQHandler
                0x0000000008001830                UART5_IRQHandler
                0x0000000008001830                DMA2_Stream0_IRQHandler
                0x0000000008001830                TIM4_IRQHandler
                0x0000000008001830                QUADSPI_IRQHandler
                0x0000000008001830                I2C1_EV_IRQHandler
                0x0000000008001830                DMA1_Stream6_IRQHandler
                0x0000000008001830                DMA1_Stream1_IRQHandler
                0x0000000008001830                UART4_IRQHandler
                0x0000000008001830                TIM3_IRQHandler
                0x0000000008001830                RCC_IRQHandler
                0x0000000008001830                TIM8_BRK_TIM12_IRQHandler
                0x0000000008001830                Default_Handler
                0x0000000008001830                CEC_IRQHandler
                0x0000000008001830                EXTI15_10_IRQHandler
                0x0000000008001830                ADC_IRQHandler
                0x0000000008001830                DMA1_Stream7_IRQHandler
                0x0000000008001830                TIM7_IRQHandler
                0x0000000008001830                CAN2_TX_IRQHandler
                0x0000000008001830                TIM5_IRQHandler
                0x0000000008001830                DMA2_Stream7_IRQHandler
                0x0000000008001830                I2C3_EV_IRQHandler
                0x0000000008001830                EXTI9_5_IRQHandler
                0x0000000008001830                RTC_WKUP_IRQHandler
                0x0000000008001830                SPDIF_RX_IRQHandler
                0x0000000008001830                SPI2_IRQHandler
                0x0000000008001830                OTG_HS_EP1_IN_IRQHandler
                0x0000000008001830                DMA1_Stream0_IRQHandler
                0x0000000008001830                CAN1_TX_IRQHandler
                0x0000000008001830                FMPI2C1_ER_IRQHandler
                0x0000000008001830                EXTI4_IRQHandler
                0x0000000008001830                OTG_HS_EP1_OUT_IRQHandler
                0x0000000008001830                WWDG_IRQHandler
                0x0000000008001830                TIM2_IRQHandler
                0x0000000008001830                OTG_FS_WKUP_IRQHandler
                0x0000000008001830                OTG_HS_IRQHandler
                0x0000000008001830                EXTI1_IRQHandler
                0x0000000008001830                USART2_IRQHandler
                0x0000000008001830                I2C2_ER_IRQHandler
                0x0000000008001830                DMA2_Stream1_IRQHandler
                0x0000000008001830                CAN1_SCE_IRQHandler
                0x0000000008001830                FLASH_IRQHandler
                0x0000000008001830                DMA2_Stream4_IRQHandler
                0x0000000008001830                USART1_IRQHandler
                0x0000000008001830                OTG_FS_IRQHandler
                0x0000000008001830                SPI3_IRQHandler
                0x0000000008001830                DMA1_Stream4_IRQHandler
                0x0000000008001830                I2C1_ER_IRQHandler
                0x0000000008001830                FMC_IRQHandler
                0x0000000008001830                DMA2_Stream6_IRQHandler
                0x0000000008001830                SAI1_IRQHandler
                0x0000000008001830                DMA1_Stream3_IRQHandler
 *fill*         0x0000000008001832        0x2 
 .text.HAL_Init
                0x0000000008001834       0x44 ./Drivers/STM32F4xx_HAL_Driver/Src/stm32f4xx_hal.o
                0x0000000008001834                HAL_Init
 .text.HAL_InitTick
                0x0000000008001878       0x60 ./Drivers/STM32F4xx_HAL_Driver/Src/stm32f4xx_hal.o
                0x0000000008001878                HAL_InitTick
 .text.HAL_IncTick
                0x00000000080018d8       0x28 ./Drivers/STM32F4xx_HAL_Driver/Src/stm32f4xx_hal.o
                0x00000000080018d8                HAL_IncTick
 .text.HAL_GetTick
                0x0000000008001900       0x18 ./Drivers/STM32F4xx_HAL_Driver/Src/stm32f4xx_hal.o
                0x0000000008001900                HAL_GetTick
 .text.__NVIC_SetPriorityGrouping
                0x0000000008001918       0x48 ./Drivers/STM32F4xx_HAL_Driver/Src/stm32f4xx_hal_cortex.o
 .text.__NVIC_GetPriorityGrouping
                0x0000000008001960       0x1c ./Drivers/STM32F4xx_HAL_Driver/Src/stm32f4xx_hal_cortex.o
 .text.__NVIC_EnableIRQ
                0x000000000800197c       0x3c ./Drivers/STM32F4xx_HAL_Driver/Src/stm32f4xx_hal_cortex.o
 .text.__NVIC_SetPriority
                0x00000000080019b8       0x54 ./Drivers/STM32F4xx_HAL_Driver/Src/stm32f4xx_hal_cortex.o
 .text.NVIC_EncodePriority
                0x0000000008001a0c       0x66 ./Drivers/STM32F4xx_HAL_Driver/Src/stm32f4xx_hal_cortex.o
 *fill*         0x0000000008001a72        0x2 
 .text.SysTick_Config
                0x0000000008001a74       0x44 ./Drivers/STM32F4xx_HAL_Driver/Src/stm32f4xx_hal_cortex.o
 .text.HAL_NVIC_SetPriorityGrouping
                0x0000000008001ab8       0x16 ./Drivers/STM32F4xx_HAL_Driver/Src/stm32f4xx_hal_cortex.o
                0x0000000008001ab8                HAL_NVIC_SetPriorityGrouping
 .text.HAL_NVIC_SetPriority
                0x0000000008001ace       0x38 ./Drivers/STM32F4xx_HAL_Driver/Src/stm32f4xx_hal_cortex.o
                0x0000000008001ace                HAL_NVIC_SetPriority
 .text.HAL_NVIC_EnableIRQ
                0x0000000008001b06       0x1c ./Drivers/STM32F4xx_HAL_Driver/Src/stm32f4xx_hal_cortex.o
                0x0000000008001b06                HAL_NVIC_EnableIRQ
 .text.HAL_SYSTICK_Config
                0x0000000008001b22       0x18 ./Drivers/STM32F4xx_HAL_Driver/Src/stm32f4xx_hal_cortex.o
                0x0000000008001b22                HAL_SYSTICK_Config
 *fill*         0x0000000008001b3a        0x2 
 .text.HAL_GPIO_Init
                0x0000000008001b3c      0x328 ./Drivers/STM32F4xx_HAL_Driver/Src/stm32f4xx_hal_gpio.o
                0x0000000008001b3c                HAL_GPIO_Init
 .text.HAL_GPIO_ReadPin
                0x0000000008001e64       0x30 ./Drivers/STM32F4xx_HAL_Driver/Src/stm32f4xx_hal_gpio.o
                0x0000000008001e64                HAL_GPIO_ReadPin
 .text.HAL_GPIO_WritePin
                0x0000000008001e94       0x32 ./Drivers/STM32F4xx_HAL_Driver/Src/stm32f4xx_hal_gpio.o
                0x0000000008001e94                HAL_GPIO_WritePin
 *fill*         0x0000000008001ec6        0x2 
 .text.HAL_I2C_Init
                0x0000000008001ec8      0x288 ./Drivers/STM32F4xx_HAL_Driver/Src/stm32f4xx_hal_i2c.o
                0x0000000008001ec8                HAL_I2C_Init
 .text.HAL_I2C_Master_Transmit
                0x0000000008002150      0x1fc ./Drivers/STM32F4xx_HAL_Driver/Src/stm32f4xx_hal_i2c.o
                0x0000000008002150                HAL_I2C_Master_Transmit
 .text.HAL_I2C_IsDeviceReady
                0x000000000800234c      0x25c ./Drivers/STM32F4xx_HAL_Driver/Src/stm32f4xx_hal_i2c.o
                0x000000000800234c                HAL_I2C_IsDeviceReady
 .text.I2C_MasterRequestWrite
                0x00000000080025a8      0x104 ./Drivers/STM32F4xx_HAL_Driver/Src/stm32f4xx_hal_i2c.o
 .text.I2C_WaitOnFlagUntilTimeout
                0x00000000080026ac       0xae ./Drivers/STM32F4xx_HAL_Driver/Src/stm32f4xx_hal_i2c.o
 .text.I2C_WaitOnMasterAddressFlagUntilTimeout
                0x000000000800275a       0xfe ./Drivers/STM32F4xx_HAL_Driver/Src/stm32f4xx_hal_i2c.o
 .text.I2C_WaitOnTXEFlagUntilTimeout
                0x0000000008002858       0x82 ./Drivers/STM32F4xx_HAL_Driver/Src/stm32f4xx_hal_i2c.o
 .text.I2C_WaitOnBTFFlagUntilTimeout
                0x00000000080028da       0x82 ./Drivers/STM32F4xx_HAL_Driver/Src/stm32f4xx_hal_i2c.o
 .text.I2C_IsAcknowledgeFailed
                0x000000000800295c       0x5e ./Drivers/STM32F4xx_HAL_Driver/Src/stm32f4xx_hal_i2c.o
 *fill*         0x00000000080029ba        0x2 
 .text.HAL_RCC_ClockConfig
                0x00000000080029bc      0x1cc ./Drivers/STM32F4xx_HAL_Driver/Src/stm32f4xx_hal_rcc.o
                0x00000000080029bc                HAL_RCC_ClockConfig
 .text.HAL_RCC_GetHCLKFreq
                0x0000000008002b88       0x18 ./Drivers/STM32F4xx_HAL_Driver/Src/stm32f4xx_hal_rcc.o
                0x0000000008002b88                HAL_RCC_GetHCLKFreq
 .text.HAL_RCC_GetPCLK1Freq
                0x0000000008002ba0       0x28 ./Drivers/STM32F4xx_HAL_Driver/Src/stm32f4xx_hal_rcc.o
                0x0000000008002ba0                HAL_RCC_GetPCLK1Freq
 .text.HAL_RCC_GetPCLK2Freq
                0x0000000008002bc8       0x28 ./Drivers/STM32F4xx_HAL_Driver/Src/stm32f4xx_hal_rcc.o
                0x0000000008002bc8                HAL_RCC_GetPCLK2Freq
 .text.HAL_RCC_GetSysClockFreq
                0x0000000008002bf0      0x460 ./Drivers/STM32F4xx_HAL_Driver/Src/stm32f4xx_hal_rcc_ex.o
                0x0000000008002bf0                HAL_RCC_GetSysClockFreq
 .text.HAL_RCC_OscConfig
                0x0000000008003050      0x53c ./Drivers/STM32F4xx_HAL_Driver/Src/stm32f4xx_hal_rcc_ex.o
                0x0000000008003050                HAL_RCC_OscConfig
 .text.HAL_TIM_Base_Init
                0x000000000800358c       0x9e ./Drivers/STM32F4xx_HAL_Driver/Src/stm32f4xx_hal_tim.o
                0x000000000800358c                HAL_TIM_Base_Init
 *fill*         0x000000000800362a        0x2 
 .text.HAL_TIM_Base_Start_IT
                0x000000000800362c       0xe0 ./Drivers/STM32F4xx_HAL_Driver/Src/stm32f4xx_hal_tim.o
                0x000000000800362c                HAL_TIM_Base_Start_IT
 .text.HAL_TIM_Base_Stop_IT
                0x000000000800370c       0x5e ./Drivers/STM32F4xx_HAL_Driver/Src/stm32f4xx_hal_tim.o
                0x000000000800370c                HAL_TIM_Base_Stop_IT
 .text.HAL_TIM_PWM_Init
                0x000000000800376a       0x9e ./Drivers/STM32F4xx_HAL_Driver/Src/stm32f4xx_hal_tim.o
                0x000000000800376a                HAL_TIM_PWM_Init
 .text.HAL_TIM_PWM_MspInit
                0x0000000008003808       0x14 ./Drivers/STM32F4xx_HAL_Driver/Src/stm32f4xx_hal_tim.o
                0x0000000008003808                HAL_TIM_PWM_MspInit
 .text.HAL_TIM_PWM_Start
                0x000000000800381c      0x190 ./Drivers/STM32F4xx_HAL_Driver/Src/stm32f4xx_hal_tim.o
                0x000000000800381c                HAL_TIM_PWM_Start
 .text.HAL_TIM_PWM_Stop
                0x00000000080039ac       0xe0 ./Drivers/STM32F4xx_HAL_Driver/Src/stm32f4xx_hal_tim.o
                0x00000000080039ac                HAL_TIM_PWM_Stop
 .text.HAL_TIM_Encoder_Init
                0x0000000008003a8c      0x14c ./Drivers/STM32F4xx_HAL_Driver/Src/stm32f4xx_hal_tim.o
                0x0000000008003a8c                HAL_TIM_Encoder_Init
 .text.HAL_TIM_Encoder_Start
                0x0000000008003bd8      0x11c ./Drivers/STM32F4xx_HAL_Driver/Src/stm32f4xx_hal_tim.o
                0x0000000008003bd8                HAL_TIM_Encoder_Start
 .text.HAL_TIM_Encoder_Stop
                0x0000000008003cf4      0x12e ./Drivers/STM32F4xx_HAL_Driver/Src/stm32f4xx_hal_tim.o
                0x0000000008003cf4                HAL_TIM_Encoder_Stop
 .text.HAL_TIM_IRQHandler
                0x0000000008003e22      0x210 ./Drivers/STM32F4xx_HAL_Driver/Src/stm32f4xx_hal_tim.o
                0x0000000008003e22                HAL_TIM_IRQHandler
 *fill*         0x0000000008004032        0x2 
 .text.HAL_TIM_PWM_ConfigChannel
                0x0000000008004034      0x184 ./Drivers/STM32F4xx_HAL_Driver/Src/stm32f4xx_hal_tim.o
                0x0000000008004034                HAL_TIM_PWM_ConfigChannel
 .text.HAL_TIM_ConfigClockSource
                0x00000000080041b8      0x18e ./Drivers/STM32F4xx_HAL_Driver/Src/stm32f4xx_hal_tim.o
                0x00000000080041b8                HAL_TIM_ConfigClockSource
 .text.HAL_TIM_OC_DelayElapsedCallback
                0x0000000008004346       0x14 ./Drivers/STM32F4xx_HAL_Driver/Src/stm32f4xx_hal_tim.o
                0x0000000008004346                HAL_TIM_OC_DelayElapsedCallback
 .text.HAL_TIM_IC_CaptureCallback
                0x000000000800435a       0x14 ./Drivers/STM32F4xx_HAL_Driver/Src/stm32f4xx_hal_tim.o
                0x000000000800435a                HAL_TIM_IC_CaptureCallback
 .text.HAL_TIM_PWM_PulseFinishedCallback
                0x000000000800436e       0x14 ./Drivers/STM32F4xx_HAL_Driver/Src/stm32f4xx_hal_tim.o
                0x000000000800436e                HAL_TIM_PWM_PulseFinishedCallback
 .text.HAL_TIM_TriggerCallback
                0x0000000008004382       0x14 ./Drivers/STM32F4xx_HAL_Driver/Src/stm32f4xx_hal_tim.o
                0x0000000008004382                HAL_TIM_TriggerCallback
 *fill*         0x0000000008004396        0x2 
 .text.TIM_Base_SetConfig
                0x0000000008004398      0x140 ./Drivers/STM32F4xx_HAL_Driver/Src/stm32f4xx_hal_tim.o
                0x0000000008004398                TIM_Base_SetConfig
 .text.TIM_OC1_SetConfig
                0x00000000080044d8       0xe0 ./Drivers/STM32F4xx_HAL_Driver/Src/stm32f4xx_hal_tim.o
 .text.TIM_OC2_SetConfig
                0x00000000080045b8       0xec ./Drivers/STM32F4xx_HAL_Driver/Src/stm32f4xx_hal_tim.o
                0x00000000080045b8                TIM_OC2_SetConfig
 .text.TIM_OC3_SetConfig
                0x00000000080046a4       0xe8 ./Drivers/STM32F4xx_HAL_Driver/Src/stm32f4xx_hal_tim.o
 .text.TIM_OC4_SetConfig
                0x000000000800478c       0xac ./Drivers/STM32F4xx_HAL_Driver/Src/stm32f4xx_hal_tim.o
 .text.TIM_TI1_ConfigInputStage
                0x0000000008004838       0x5e ./Drivers/STM32F4xx_HAL_Driver/Src/stm32f4xx_hal_tim.o
 .text.TIM_TI2_ConfigInputStage
                0x0000000008004896       0x60 ./Drivers/STM32F4xx_HAL_Driver/Src/stm32f4xx_hal_tim.o
 .text.TIM_ITRx_SetConfig
                0x00000000080048f6       0x36 ./Drivers/STM32F4xx_HAL_Driver/Src/stm32f4xx_hal_tim.o
 .text.TIM_ETR_SetConfig
                0x000000000800492c       0x40 ./Drivers/STM32F4xx_HAL_Driver/Src/stm32f4xx_hal_tim.o
                0x000000000800492c                TIM_ETR_SetConfig
 .text.TIM_CCxChannelCmd
                0x000000000800496c       0x4a ./Drivers/STM32F4xx_HAL_Driver/Src/stm32f4xx_hal_tim.o
                0x000000000800496c                TIM_CCxChannelCmd
 *fill*         0x00000000080049b6        0x2 
 .text.HAL_TIMEx_PWMN_Start
                0x00000000080049b8      0x174 ./Drivers/STM32F4xx_HAL_Driver/Src/stm32f4xx_hal_tim_ex.o
                0x00000000080049b8                HAL_TIMEx_PWMN_Start
 .text.HAL_TIMEx_PWMN_Stop
                0x0000000008004b2c       0xba ./Drivers/STM32F4xx_HAL_Driver/Src/stm32f4xx_hal_tim_ex.o
                0x0000000008004b2c                HAL_TIMEx_PWMN_Stop
 *fill*         0x0000000008004be6        0x2 
 .text.HAL_TIMEx_MasterConfigSynchronization
                0x0000000008004be8       0xf8 ./Drivers/STM32F4xx_HAL_Driver/Src/stm32f4xx_hal_tim_ex.o
                0x0000000008004be8                HAL_TIMEx_MasterConfigSynchronization
 .text.HAL_TIMEx_ConfigBreakDeadTime
                0x0000000008004ce0       0xa4 ./Drivers/STM32F4xx_HAL_Driver/Src/stm32f4xx_hal_tim_ex.o
                0x0000000008004ce0                HAL_TIMEx_ConfigBreakDeadTime
 .text.HAL_TIMEx_CommutCallback
                0x0000000008004d84       0x14 ./Drivers/STM32F4xx_HAL_Driver/Src/stm32f4xx_hal_tim_ex.o
                0x0000000008004d84                HAL_TIMEx_CommutCallback
 .text.HAL_TIMEx_BreakCallback
                0x0000000008004d98       0x14 ./Drivers/STM32F4xx_HAL_Driver/Src/stm32f4xx_hal_tim_ex.o
                0x0000000008004d98                HAL_TIMEx_BreakCallback
 .text.TIM_CCxNChannelCmd
                0x0000000008004dac       0x4a ./Drivers/STM32F4xx_HAL_Driver/Src/stm32f4xx_hal_tim_ex.o
 .text.HAL_UART_Init
                0x0000000008004df6       0x9a ./Drivers/STM32F4xx_HAL_Driver/Src/stm32f4xx_hal_uart.o
                0x0000000008004df6                HAL_UART_Init
 .text.UART_SetConfig
                0x0000000008004e90      0x4e8 ./Drivers/STM32F4xx_HAL_Driver/Src/stm32f4xx_hal_uart.o
 .text.__libc_init_array
                0x0000000008005378       0x48 c:/st/stm32cubeide_1.12.0/stm32cubeide/plugins/com.st.stm32cube.ide.mcu.externaltools.gnu-tools-for-stm32.10.3-2021.10.win32_1.0.200.202301161003/tools/bin/../lib/gcc/arm-none-eabi/10.3.1/../../../../arm-none-eabi/lib/thumb/v7e-m+fp/hard\libc_nano.a(lib_a-init.o)
                0x0000000008005378                __libc_init_array
 .text.memset   0x00000000080053c0       0x10 c:/st/stm32cubeide_1.12.0/stm32cubeide/plugins/com.st.stm32cube.ide.mcu.externaltools.gnu-tools-for-stm32.10.3-2021.10.win32_1.0.200.202301161003/tools/bin/../lib/gcc/arm-none-eabi/10.3.1/../../../../arm-none-eabi/lib/thumb/v7e-m+fp/hard\libc_nano.a(lib_a-memset.o)
                0x00000000080053c0                memset
 *(.glue_7)
 .glue_7        0x00000000080053d0        0x0 linker stubs
 *(.glue_7t)
 .glue_7t       0x00000000080053d0        0x0 linker stubs
 *(.eh_frame)
 .eh_frame      0x00000000080053d0        0x0 c:/st/stm32cubeide_1.12.0/stm32cubeide/plugins/com.st.stm32cube.ide.mcu.externaltools.gnu-tools-for-stm32.10.3-2021.10.win32_1.0.200.202301161003/tools/bin/../lib/gcc/arm-none-eabi/10.3.1/thumb/v7e-m+fp/hard/crtbegin.o
 *(.init)
 .init          0x00000000080053d0        0x4 c:/st/stm32cubeide_1.12.0/stm32cubeide/plugins/com.st.stm32cube.ide.mcu.externaltools.gnu-tools-for-stm32.10.3-2021.10.win32_1.0.200.202301161003/tools/bin/../lib/gcc/arm-none-eabi/10.3.1/thumb/v7e-m+fp/hard/crti.o
                0x00000000080053d0                _init
 .init          0x00000000080053d4        0x8 c:/st/stm32cubeide_1.12.0/stm32cubeide/plugins/com.st.stm32cube.ide.mcu.externaltools.gnu-tools-for-stm32.10.3-2021.10.win32_1.0.200.202301161003/tools/bin/../lib/gcc/arm-none-eabi/10.3.1/thumb/v7e-m+fp/hard/crtn.o
 *(.fini)
 .fini          0x00000000080053dc        0x4 c:/st/stm32cubeide_1.12.0/stm32cubeide/plugins/com.st.stm32cube.ide.mcu.externaltools.gnu-tools-for-stm32.10.3-2021.10.win32_1.0.200.202301161003/tools/bin/../lib/gcc/arm-none-eabi/10.3.1/thumb/v7e-m+fp/hard/crti.o
                0x00000000080053dc                _fini
 .fini          0x00000000080053e0        0x8 c:/st/stm32cubeide_1.12.0/stm32cubeide/plugins/com.st.stm32cube.ide.mcu.externaltools.gnu-tools-for-stm32.10.3-2021.10.win32_1.0.200.202301161003/tools/bin/../lib/gcc/arm-none-eabi/10.3.1/thumb/v7e-m+fp/hard/crtn.o
                0x00000000080053e8                . = ALIGN (0x4)
                0x00000000080053e8                _etext = .

.vfp11_veneer   0x00000000080053e8        0x0
 .vfp11_veneer  0x00000000080053e8        0x0 linker stubs

.v4_bx          0x00000000080053e8        0x0
 .v4_bx         0x00000000080053e8        0x0 linker stubs

.iplt           0x00000000080053e8        0x0
 .iplt          0x00000000080053e8        0x0 c:/st/stm32cubeide_1.12.0/stm32cubeide/plugins/com.st.stm32cube.ide.mcu.externaltools.gnu-tools-for-stm32.10.3-2021.10.win32_1.0.200.202301161003/tools/bin/../lib/gcc/arm-none-eabi/10.3.1/thumb/v7e-m+fp/hard/crtbegin.o

.rodata         0x00000000080053e8     0x150c
                0x00000000080053e8                . = ALIGN (0x4)
 *(.rodata)
 .rodata        0x00000000080053e8       0x2b ./Core/Src/main.o
 *(.rodata*)
 *fill*         0x0000000008005413        0x1 
 .rodata.Font7x10
                0x0000000008005414      0x76c ./Core/Src/fonts.o
                0x0000000008005414                Font7x10
 .rodata.Font11x18
                0x0000000008005b80      0xd5c ./Core/Src/fonts.o
                0x0000000008005b80                Font11x18
 .rodata.AHBPrescTable
                0x00000000080068dc       0x10 ./Core/Src/system_stm32f4xx.o
                0x00000000080068dc                AHBPrescTable
 .rodata.APBPrescTable
                0x00000000080068ec        0x8 ./Core/Src/system_stm32f4xx.o
                0x00000000080068ec                APBPrescTable
                0x00000000080068f4                . = ALIGN (0x4)

.ARM.extab      0x00000000080068f4        0x0
                0x00000000080068f4                . = ALIGN (0x4)
 *(.ARM.extab* .gnu.linkonce.armextab.*)
                0x00000000080068f4                . = ALIGN (0x4)

.ARM            0x00000000080068f4        0x8
                0x00000000080068f4                . = ALIGN (0x4)
                0x00000000080068f4                __exidx_start = .
 *(.ARM.exidx*)
 .ARM.exidx     0x00000000080068f4        0x8 c:/st/stm32cubeide_1.12.0/stm32cubeide/plugins/com.st.stm32cube.ide.mcu.externaltools.gnu-tools-for-stm32.10.3-2021.10.win32_1.0.200.202301161003/tools/bin/../lib/gcc/arm-none-eabi/10.3.1/thumb/v7e-m+fp/hard\libgcc.a(_udivmoddi4.o)
                0x00000000080068fc                __exidx_end = .
                0x00000000080068fc                . = ALIGN (0x4)

.rel.dyn        0x00000000080068fc        0x0
 .rel.iplt      0x00000000080068fc        0x0 c:/st/stm32cubeide_1.12.0/stm32cubeide/plugins/com.st.stm32cube.ide.mcu.externaltools.gnu-tools-for-stm32.10.3-2021.10.win32_1.0.200.202301161003/tools/bin/../lib/gcc/arm-none-eabi/10.3.1/thumb/v7e-m+fp/hard/crtbegin.o

.preinit_array  0x00000000080068fc        0x0
                0x00000000080068fc                . = ALIGN (0x4)
                0x00000000080068fc                PROVIDE (__preinit_array_start = .)
 *(.preinit_array*)
                0x00000000080068fc                PROVIDE (__preinit_array_end = .)
                0x00000000080068fc                . = ALIGN (0x4)

.init_array     0x00000000080068fc        0x4
                0x00000000080068fc                . = ALIGN (0x4)
                0x00000000080068fc                PROVIDE (__init_array_start = .)
 *(SORT_BY_NAME(.init_array.*))
 *(.init_array*)
 .init_array    0x00000000080068fc        0x4 c:/st/stm32cubeide_1.12.0/stm32cubeide/plugins/com.st.stm32cube.ide.mcu.externaltools.gnu-tools-for-stm32.10.3-2021.10.win32_1.0.200.202301161003/tools/bin/../lib/gcc/arm-none-eabi/10.3.1/thumb/v7e-m+fp/hard/crtbegin.o
                0x0000000008006900                PROVIDE (__init_array_end = .)
                0x0000000008006900                . = ALIGN (0x4)

.fini_array     0x0000000008006900        0x4
                0x0000000008006900                . = ALIGN (0x4)
                [!provide]                        PROVIDE (__fini_array_start = .)
 *(SORT_BY_NAME(.fini_array.*))
 *(.fini_array*)
 .fini_array    0x0000000008006900        0x4 c:/st/stm32cubeide_1.12.0/stm32cubeide/plugins/com.st.stm32cube.ide.mcu.externaltools.gnu-tools-for-stm32.10.3-2021.10.win32_1.0.200.202301161003/tools/bin/../lib/gcc/arm-none-eabi/10.3.1/thumb/v7e-m+fp/hard/crtbegin.o
                [!provide]                        PROVIDE (__fini_array_end = .)
                0x0000000008006904                . = ALIGN (0x4)
                0x0000000008006904                _sidata = LOADADDR (.data)

.data           0x0000000020000000      0x404 load address 0x0000000008006904
                0x0000000020000000                . = ALIGN (0x4)
                0x0000000020000000                _sdata = .
 *(.data)
 *(.data*)
 .data.Font_7x10
                0x0000000020000000        0x8 ./Core/Src/fonts.o
                0x0000000020000000                Font_7x10
 .data.Font_11x18
                0x0000000020000008        0x8 ./Core/Src/fonts.o
                0x0000000020000008                Font_11x18
 .data.sin_wave
                0x0000000020000010      0x3e8 ./Core/Src/main.o
                0x0000000020000010                sin_wave
 .data.SystemCoreClock
                0x00000000200003f8        0x4 ./Core/Src/system_stm32f4xx.o
                0x00000000200003f8                SystemCoreClock
 .data.uwTickPrio
                0x00000000200003fc        0x4 ./Drivers/STM32F4xx_HAL_Driver/Src/stm32f4xx_hal.o
                0x00000000200003fc                uwTickPrio
 .data.uwTickFreq
                0x0000000020000400        0x1 ./Drivers/STM32F4xx_HAL_Driver/Src/stm32f4xx_hal.o
                0x0000000020000400                uwTickFreq
 *(.RamFunc)
 *(.RamFunc*)
                0x0000000020000404                . = ALIGN (0x4)
 *fill*         0x0000000020000401        0x3 
                0x0000000020000404                _edata = .

.igot.plt       0x0000000020000404        0x0 load address 0x0000000008006d08
 .igot.plt      0x0000000020000404        0x0 c:/st/stm32cubeide_1.12.0/stm32cubeide/plugins/com.st.stm32cube.ide.mcu.externaltools.gnu-tools-for-stm32.10.3-2021.10.win32_1.0.200.202301161003/tools/bin/../lib/gcc/arm-none-eabi/10.3.1/thumb/v7e-m+fp/hard/crtbegin.o
                0x0000000020000404                . = ALIGN (0x4)

.bss            0x0000000020000404      0x5f0 load address 0x0000000008006d08
                0x0000000020000404                _sbss = .
                0x0000000020000404                __bss_start__ = _sbss
 *(.bss)
 .bss           0x0000000020000404       0x1c c:/st/stm32cubeide_1.12.0/stm32cubeide/plugins/com.st.stm32cube.ide.mcu.externaltools.gnu-tools-for-stm32.10.3-2021.10.win32_1.0.200.202301161003/tools/bin/../lib/gcc/arm-none-eabi/10.3.1/thumb/v7e-m+fp/hard/crtbegin.o
 *(.bss*)
 .bss.hi2c2     0x0000000020000420       0x54 ./Core/Src/i2c.o
                0x0000000020000420                hi2c2
 .bss.estado_atual
                0x0000000020000474        0x1 ./Core/Src/main.o
                0x0000000020000474                estado_atual
 *fill*         0x0000000020000475        0x1 
 .bss.cont      0x0000000020000476        0x2 ./Core/Src/main.o
                0x0000000020000476                cont
 .bss.time      0x0000000020000478        0x1 ./Core/Src/main.o
                0x0000000020000478                time
 *fill*         0x0000000020000479        0x1 
 .bss.contador_encoder
                0x000000002000047a        0x2 ./Core/Src/main.o
                0x000000002000047a                contador_encoder
 .bss.variacao_encoder
                0x000000002000047c        0x1 ./Core/Src/main.o
                0x000000002000047c                variacao_encoder
 .bss.comando   0x000000002000047d        0x1 ./Core/Src/main.o
                0x000000002000047d                comando
 *fill*         0x000000002000047e        0x2 
 .bss.bt1       0x0000000020000480        0x2 ./Core/Src/main.o
                0x0000000020000480                bt1
 .bss.bsubida   0x0000000020000482        0x1 ./Core/Src/main.o
                0x0000000020000482                bsubida
 .bss.bdescida  0x0000000020000483        0x1 ./Core/Src/main.o
                0x0000000020000483                bdescida
 .bss.SSD1306_Buffer
                0x0000000020000484      0x400 ./Core/Src/ssd1306.o
 .bss.SSD1306   0x0000000020000884        0x6 ./Core/Src/ssd1306.o
 *fill*         0x000000002000088a        0x2 
 .bss.htim1     0x000000002000088c       0x48 ./Core/Src/tim.o
                0x000000002000088c                htim1
 .bss.htim4     0x00000000200008d4       0x48 ./Core/Src/tim.o
                0x00000000200008d4                htim4
 .bss.htim10    0x000000002000091c       0x48 ./Core/Src/tim.o
                0x000000002000091c                htim10
 .bss.htim11    0x0000000020000964       0x48 ./Core/Src/tim.o
                0x0000000020000964                htim11
 .bss.huart2    0x00000000200009ac       0x44 ./Core/Src/usart.o
                0x00000000200009ac                huart2
 .bss.uwTick    0x00000000200009f0        0x4 ./Drivers/STM32F4xx_HAL_Driver/Src/stm32f4xx_hal.o
                0x00000000200009f0                uwTick
 *(COMMON)
                0x00000000200009f4                . = ALIGN (0x4)
                0x00000000200009f4                _ebss = .
                0x00000000200009f4                __bss_end__ = _ebss

._user_heap_stack
                0x00000000200009f4      0x604 load address 0x0000000008006d08
                0x00000000200009f8                . = ALIGN (0x8)
 *fill*         0x00000000200009f4        0x4 
                [!provide]                        PROVIDE (end = .)
                0x00000000200009f8                PROVIDE (_end = .)
                0x0000000020000bf8                . = (. + _Min_Heap_Size)
 *fill*         0x00000000200009f8      0x200 
                0x0000000020000ff8                . = (. + _Min_Stack_Size)
 *fill*         0x0000000020000bf8      0x400 
                0x0000000020000ff8                . = ALIGN (0x8)

/DISCARD/
 libc.a(*)
 libm.a(*)
 libgcc.a(*)

.ARM.attributes
                0x0000000000000000       0x30
 *(.ARM.attributes)
 .ARM.attributes
                0x0000000000000000       0x1e c:/st/stm32cubeide_1.12.0/stm32cubeide/plugins/com.st.stm32cube.ide.mcu.externaltools.gnu-tools-for-stm32.10.3-2021.10.win32_1.0.200.202301161003/tools/bin/../lib/gcc/arm-none-eabi/10.3.1/thumb/v7e-m+fp/hard/crti.o
 .ARM.attributes
                0x000000000000001e       0x34 c:/st/stm32cubeide_1.12.0/stm32cubeide/plugins/com.st.stm32cube.ide.mcu.externaltools.gnu-tools-for-stm32.10.3-2021.10.win32_1.0.200.202301161003/tools/bin/../lib/gcc/arm-none-eabi/10.3.1/thumb/v7e-m+fp/hard/crtbegin.o
 .ARM.attributes
                0x0000000000000052       0x34 ./Core/Src/fonts.o
 .ARM.attributes
                0x0000000000000086       0x34 ./Core/Src/gpio.o
 .ARM.attributes
                0x00000000000000ba       0x34 ./Core/Src/i2c.o
 .ARM.attributes
                0x00000000000000ee       0x34 ./Core/Src/main.o
 .ARM.attributes
                0x0000000000000122       0x34 ./Core/Src/ssd1306.o
 .ARM.attributes
                0x0000000000000156       0x34 ./Core/Src/stm32f4xx_hal_msp.o
 .ARM.attributes
                0x000000000000018a       0x34 ./Core/Src/stm32f4xx_it.o
 .ARM.attributes
                0x00000000000001be       0x34 ./Core/Src/system_stm32f4xx.o
 .ARM.attributes
                0x00000000000001f2       0x34 ./Core/Src/tim.o
 .ARM.attributes
                0x0000000000000226       0x34 ./Core/Src/usart.o
 .ARM.attributes
                0x000000000000025a       0x21 ./Core/Startup/startup_stm32f446retx.o
 .ARM.attributes
                0x000000000000027b       0x34 ./Drivers/STM32F4xx_HAL_Driver/Src/stm32f4xx_hal.o
 .ARM.attributes
                0x00000000000002af       0x34 ./Drivers/STM32F4xx_HAL_Driver/Src/stm32f4xx_hal_cortex.o
 .ARM.attributes
                0x00000000000002e3       0x34 ./Drivers/STM32F4xx_HAL_Driver/Src/stm32f4xx_hal_gpio.o
 .ARM.attributes
                0x0000000000000317       0x34 ./Drivers/STM32F4xx_HAL_Driver/Src/stm32f4xx_hal_i2c.o
 .ARM.attributes
                0x000000000000034b       0x34 ./Drivers/STM32F4xx_HAL_Driver/Src/stm32f4xx_hal_rcc.o
 .ARM.attributes
                0x000000000000037f       0x34 ./Drivers/STM32F4xx_HAL_Driver/Src/stm32f4xx_hal_rcc_ex.o
 .ARM.attributes
                0x00000000000003b3       0x34 ./Drivers/STM32F4xx_HAL_Driver/Src/stm32f4xx_hal_tim.o
 .ARM.attributes
                0x00000000000003e7       0x34 ./Drivers/STM32F4xx_HAL_Driver/Src/stm32f4xx_hal_tim_ex.o
 .ARM.attributes
                0x000000000000041b       0x34 ./Drivers/STM32F4xx_HAL_Driver/Src/stm32f4xx_hal_uart.o
 .ARM.attributes
                0x000000000000044f       0x34 c:/st/stm32cubeide_1.12.0/stm32cubeide/plugins/com.st.stm32cube.ide.mcu.externaltools.gnu-tools-for-stm32.10.3-2021.10.win32_1.0.200.202301161003/tools/bin/../lib/gcc/arm-none-eabi/10.3.1/../../../../arm-none-eabi/lib/thumb/v7e-m+fp/hard\libc_nano.a(lib_a-init.o)
 .ARM.attributes
                0x0000000000000483       0x34 c:/st/stm32cubeide_1.12.0/stm32cubeide/plugins/com.st.stm32cube.ide.mcu.externaltools.gnu-tools-for-stm32.10.3-2021.10.win32_1.0.200.202301161003/tools/bin/../lib/gcc/arm-none-eabi/10.3.1/../../../../arm-none-eabi/lib/thumb/v7e-m+fp/hard\libc_nano.a(lib_a-memset.o)
 .ARM.attributes
                0x00000000000004b7       0x1e c:/st/stm32cubeide_1.12.0/stm32cubeide/plugins/com.st.stm32cube.ide.mcu.externaltools.gnu-tools-for-stm32.10.3-2021.10.win32_1.0.200.202301161003/tools/bin/../lib/gcc/arm-none-eabi/10.3.1/thumb/v7e-m+fp/hard\libgcc.a(_aeabi_uldivmod.o)
 .ARM.attributes
                0x00000000000004d5       0x34 c:/st/stm32cubeide_1.12.0/stm32cubeide/plugins/com.st.stm32cube.ide.mcu.externaltools.gnu-tools-for-stm32.10.3-2021.10.win32_1.0.200.202301161003/tools/bin/../lib/gcc/arm-none-eabi/10.3.1/thumb/v7e-m+fp/hard\libgcc.a(_udivmoddi4.o)
 .ARM.attributes
                0x0000000000000509       0x1e c:/st/stm32cubeide_1.12.0/stm32cubeide/plugins/com.st.stm32cube.ide.mcu.externaltools.gnu-tools-for-stm32.10.3-2021.10.win32_1.0.200.202301161003/tools/bin/../lib/gcc/arm-none-eabi/10.3.1/thumb/v7e-m+fp/hard\libgcc.a(_dvmd_tls.o)
 .ARM.attributes
                0x0000000000000527       0x1e c:/st/stm32cubeide_1.12.0/stm32cubeide/plugins/com.st.stm32cube.ide.mcu.externaltools.gnu-tools-for-stm32.10.3-2021.10.win32_1.0.200.202301161003/tools/bin/../lib/gcc/arm-none-eabi/10.3.1/thumb/v7e-m+fp/hard/crtn.o
OUTPUT(Inversor_ReT.elf elf32-littlearm)
LOAD linker stubs
LOAD c:/st/stm32cubeide_1.12.0/stm32cubeide/plugins/com.st.stm32cube.ide.mcu.externaltools.gnu-tools-for-stm32.10.3-2021.10.win32_1.0.200.202301161003/tools/bin/../lib/gcc/arm-none-eabi/10.3.1/../../../../arm-none-eabi/lib/thumb/v7e-m+fp/hard\libc.a
LOAD c:/st/stm32cubeide_1.12.0/stm32cubeide/plugins/com.st.stm32cube.ide.mcu.externaltools.gnu-tools-for-stm32.10.3-2021.10.win32_1.0.200.202301161003/tools/bin/../lib/gcc/arm-none-eabi/10.3.1/../../../../arm-none-eabi/lib/thumb/v7e-m+fp/hard\libm.a
LOAD c:/st/stm32cubeide_1.12.0/stm32cubeide/plugins/com.st.stm32cube.ide.mcu.externaltools.gnu-tools-for-stm32.10.3-2021.10.win32_1.0.200.202301161003/tools/bin/../lib/gcc/arm-none-eabi/10.3.1/thumb/v7e-m+fp/hard\libgcc.a

.debug_info     0x0000000000000000    0x12bc2
 .debug_info    0x0000000000000000      0x27a ./Core/Src/fonts.o
 .debug_info    0x000000000000027a      0x4a9 ./Core/Src/gpio.o
 .debug_info    0x0000000000000723      0xa71 ./Core/Src/i2c.o
 .debug_info    0x0000000000001194     0x1032 ./Core/Src/main.o
 .debug_info    0x00000000000021c6     0x116d ./Core/Src/ssd1306.o
 .debug_info    0x0000000000003333      0x2f3 ./Core/Src/stm32f4xx_hal_msp.o
 .debug_info    0x0000000000003626      0x760 ./Core/Src/stm32f4xx_it.o
 .debug_info    0x0000000000003d86      0x55b ./Core/Src/system_stm32f4xx.o
 .debug_info    0x00000000000042e1     0x1216 ./Core/Src/tim.o
 .debug_info    0x00000000000054f7      0x9d8 ./Core/Src/usart.o
 .debug_info    0x0000000000005ecf       0x22 ./Core/Startup/startup_stm32f446retx.o
 .debug_info    0x0000000000005ef1      0x9d2 ./Drivers/STM32F4xx_HAL_Driver/Src/stm32f4xx_hal.o
 .debug_info    0x00000000000068c3      0xe39 ./Drivers/STM32F4xx_HAL_Driver/Src/stm32f4xx_hal_cortex.o
 .debug_info    0x00000000000076fc      0x7be ./Drivers/STM32F4xx_HAL_Driver/Src/stm32f4xx_hal_gpio.o
 .debug_info    0x0000000000007eba     0x2617 ./Drivers/STM32F4xx_HAL_Driver/Src/stm32f4xx_hal_i2c.o
 .debug_info    0x000000000000a4d1      0x9ab ./Drivers/STM32F4xx_HAL_Driver/Src/stm32f4xx_hal_rcc.o
 .debug_info    0x000000000000ae7c      0x9ec ./Drivers/STM32F4xx_HAL_Driver/Src/stm32f4xx_hal_rcc_ex.o
 .debug_info    0x000000000000b868     0x2bbe ./Drivers/STM32F4xx_HAL_Driver/Src/stm32f4xx_hal_tim.o
 .debug_info    0x000000000000e426     0x15e0 ./Drivers/STM32F4xx_HAL_Driver/Src/stm32f4xx_hal_tim_ex.o
 .debug_info    0x000000000000fa06     0x31bc ./Drivers/STM32F4xx_HAL_Driver/Src/stm32f4xx_hal_uart.o

.debug_abbrev   0x0000000000000000     0x27d6
 .debug_abbrev  0x0000000000000000      0x111 ./Core/Src/fonts.o
 .debug_abbrev  0x0000000000000111      0x146 ./Core/Src/gpio.o
 .debug_abbrev  0x0000000000000257      0x1e0 ./Core/Src/i2c.o
 .debug_abbrev  0x0000000000000437      0x2c6 ./Core/Src/main.o
 .debug_abbrev  0x00000000000006fd      0x2f8 ./Core/Src/ssd1306.o
 .debug_abbrev  0x00000000000009f5       0xf0 ./Core/Src/stm32f4xx_hal_msp.o
 .debug_abbrev  0x0000000000000ae5      0x184 ./Core/Src/stm32f4xx_it.o
 .debug_abbrev  0x0000000000000c69      0x116 ./Core/Src/system_stm32f4xx.o
 .debug_abbrev  0x0000000000000d7f      0x285 ./Core/Src/tim.o
 .debug_abbrev  0x0000000000001004      0x1e7 ./Core/Src/usart.o
 .debug_abbrev  0x00000000000011eb       0x12 ./Core/Startup/startup_stm32f446retx.o
 .debug_abbrev  0x00000000000011fd      0x20d ./Drivers/STM32F4xx_HAL_Driver/Src/stm32f4xx_hal.o
 .debug_abbrev  0x000000000000140a      0x316 ./Drivers/STM32F4xx_HAL_Driver/Src/stm32f4xx_hal_cortex.o
 .debug_abbrev  0x0000000000001720      0x1c4 ./Drivers/STM32F4xx_HAL_Driver/Src/stm32f4xx_hal_gpio.o
 .debug_abbrev  0x00000000000018e4      0x297 ./Drivers/STM32F4xx_HAL_Driver/Src/stm32f4xx_hal_i2c.o
 .debug_abbrev  0x0000000000001b7b      0x2aa ./Drivers/STM32F4xx_HAL_Driver/Src/stm32f4xx_hal_rcc.o
 .debug_abbrev  0x0000000000001e25      0x1fb ./Drivers/STM32F4xx_HAL_Driver/Src/stm32f4xx_hal_rcc_ex.o
 .debug_abbrev  0x0000000000002020      0x25d ./Drivers/STM32F4xx_HAL_Driver/Src/stm32f4xx_hal_tim.o
 .debug_abbrev  0x000000000000227d      0x265 ./Drivers/STM32F4xx_HAL_Driver/Src/stm32f4xx_hal_tim_ex.o
 .debug_abbrev  0x00000000000024e2      0x2f4 ./Drivers/STM32F4xx_HAL_Driver/Src/stm32f4xx_hal_uart.o

.debug_aranges  0x0000000000000000     0x1070
 .debug_aranges
                0x0000000000000000       0x20 ./Core/Src/fonts.o
 .debug_aranges
                0x0000000000000020       0x20 ./Core/Src/gpio.o
 .debug_aranges
                0x0000000000000040       0x30 ./Core/Src/i2c.o
 .debug_aranges
                0x0000000000000070       0x60 ./Core/Src/main.o
 .debug_aranges
                0x00000000000000d0       0xf8 ./Core/Src/ssd1306.o
 .debug_aranges
                0x00000000000001c8       0x20 ./Core/Src/stm32f4xx_hal_msp.o
 .debug_aranges
                0x00000000000001e8       0x70 ./Core/Src/stm32f4xx_it.o
 .debug_aranges
                0x0000000000000258       0x28 ./Core/Src/system_stm32f4xx.o
 .debug_aranges
                0x0000000000000280       0x60 ./Core/Src/tim.o
 .debug_aranges
                0x00000000000002e0       0x30 ./Core/Src/usart.o
 .debug_aranges
                0x0000000000000310       0x28 ./Core/Startup/startup_stm32f446retx.o
 .debug_aranges
                0x0000000000000338       0xf0 ./Drivers/STM32F4xx_HAL_Driver/Src/stm32f4xx_hal.o
 .debug_aranges
                0x0000000000000428      0x118 ./Drivers/STM32F4xx_HAL_Driver/Src/stm32f4xx_hal_cortex.o
 .debug_aranges
                0x0000000000000540       0x58 ./Drivers/STM32F4xx_HAL_Driver/Src/stm32f4xx_hal_gpio.o
 .debug_aranges
                0x0000000000000598      0x2a0 ./Drivers/STM32F4xx_HAL_Driver/Src/stm32f4xx_hal_i2c.o
 .debug_aranges
                0x0000000000000838       0x88 ./Drivers/STM32F4xx_HAL_Driver/Src/stm32f4xx_hal_rcc.o
 .debug_aranges
                0x00000000000008c0       0x78 ./Drivers/STM32F4xx_HAL_Driver/Src/stm32f4xx_hal_rcc_ex.o
 .debug_aranges
                0x0000000000000938      0x3d0 ./Drivers/STM32F4xx_HAL_Driver/Src/stm32f4xx_hal_tim.o
 .debug_aranges
                0x0000000000000d08      0x168 ./Drivers/STM32F4xx_HAL_Driver/Src/stm32f4xx_hal_tim_ex.o
 .debug_aranges
                0x0000000000000e70      0x200 ./Drivers/STM32F4xx_HAL_Driver/Src/stm32f4xx_hal_uart.o

.debug_ranges   0x0000000000000000      0xf80
 .debug_ranges  0x0000000000000000       0x10 ./Core/Src/fonts.o
 .debug_ranges  0x0000000000000010       0x10 ./Core/Src/gpio.o
 .debug_ranges  0x0000000000000020       0x20 ./Core/Src/i2c.o
 .debug_ranges  0x0000000000000040       0x50 ./Core/Src/main.o
 .debug_ranges  0x0000000000000090       0xe8 ./Core/Src/ssd1306.o
 .debug_ranges  0x0000000000000178       0x10 ./Core/Src/stm32f4xx_hal_msp.o
 .debug_ranges  0x0000000000000188       0x60 ./Core/Src/stm32f4xx_it.o
 .debug_ranges  0x00000000000001e8       0x18 ./Core/Src/system_stm32f4xx.o
 .debug_ranges  0x0000000000000200       0x50 ./Core/Src/tim.o
 .debug_ranges  0x0000000000000250       0x20 ./Core/Src/usart.o
 .debug_ranges  0x0000000000000270       0x20 ./Core/Startup/startup_stm32f446retx.o
 .debug_ranges  0x0000000000000290       0xe0 ./Drivers/STM32F4xx_HAL_Driver/Src/stm32f4xx_hal.o
 .debug_ranges  0x0000000000000370      0x108 ./Drivers/STM32F4xx_HAL_Driver/Src/stm32f4xx_hal_cortex.o
 .debug_ranges  0x0000000000000478       0x48 ./Drivers/STM32F4xx_HAL_Driver/Src/stm32f4xx_hal_gpio.o
 .debug_ranges  0x00000000000004c0      0x2a8 ./Drivers/STM32F4xx_HAL_Driver/Src/stm32f4xx_hal_i2c.o
 .debug_ranges  0x0000000000000768       0x78 ./Drivers/STM32F4xx_HAL_Driver/Src/stm32f4xx_hal_rcc.o
 .debug_ranges  0x00000000000007e0       0x68 ./Drivers/STM32F4xx_HAL_Driver/Src/stm32f4xx_hal_rcc_ex.o
 .debug_ranges  0x0000000000000848      0x3c0 ./Drivers/STM32F4xx_HAL_Driver/Src/stm32f4xx_hal_tim.o
 .debug_ranges  0x0000000000000c08      0x158 ./Drivers/STM32F4xx_HAL_Driver/Src/stm32f4xx_hal_tim_ex.o
 .debug_ranges  0x0000000000000d60      0x220 ./Drivers/STM32F4xx_HAL_Driver/Src/stm32f4xx_hal_uart.o

.debug_macro    0x0000000000000000    0x22dbf
 .debug_macro   0x0000000000000000      0x2bf ./Core/Src/fonts.o
 .debug_macro   0x00000000000002bf      0xa78 ./Core/Src/fonts.o
 .debug_macro   0x0000000000000d37      0x2a1 ./Core/Src/fonts.o
 .debug_macro   0x0000000000000fd8       0x2e ./Core/Src/fonts.o
 .debug_macro   0x0000000000001006       0x28 ./Core/Src/fonts.o
 .debug_macro   0x000000000000102e       0x22 ./Core/Src/fonts.o
 .debug_macro   0x0000000000001050       0x8e ./Core/Src/fonts.o
 .debug_macro   0x00000000000010de       0x51 ./Core/Src/fonts.o
 .debug_macro   0x000000000000112f      0x103 ./Core/Src/fonts.o
 .debug_macro   0x0000000000001232       0x6a ./Core/Src/fonts.o
 .debug_macro   0x000000000000129c      0x1df ./Core/Src/fonts.o
 .debug_macro   0x000000000000147b       0x1c ./Core/Src/fonts.o
 .debug_macro   0x0000000000001497       0x22 ./Core/Src/fonts.o
 .debug_macro   0x00000000000014b9       0xd9 ./Core/Src/fonts.o
 .debug_macro   0x0000000000001592     0x102d ./Core/Src/fonts.o
 .debug_macro   0x00000000000025bf      0x11f ./Core/Src/fonts.o
 .debug_macro   0x00000000000026de    0x16749 ./Core/Src/fonts.o
 .debug_macro   0x0000000000018e27       0x6d ./Core/Src/fonts.o
 .debug_macro   0x0000000000018e94     0x367e ./Core/Src/fonts.o
 .debug_macro   0x000000000001c512      0x174 ./Core/Src/fonts.o
 .debug_macro   0x000000000001c686       0x5c ./Core/Src/fonts.o
 .debug_macro   0x000000000001c6e2      0xc90 ./Core/Src/fonts.o
 .debug_macro   0x000000000001d372      0x9fe ./Core/Src/fonts.o
 .debug_macro   0x000000000001dd70      0x115 ./Core/Src/fonts.o
 .debug_macro   0x000000000001de85      0x1a0 ./Core/Src/fonts.o
 .debug_macro   0x000000000001e025       0xa5 ./Core/Src/fonts.o
 .debug_macro   0x000000000001e0ca      0x16d ./Core/Src/fonts.o
 .debug_macro   0x000000000001e237      0x287 ./Core/Src/fonts.o
 .debug_macro   0x000000000001e4be       0x5f ./Core/Src/fonts.o
 .debug_macro   0x000000000001e51d      0x236 ./Core/Src/fonts.o
 .debug_macro   0x000000000001e753      0x132 ./Core/Src/fonts.o
 .debug_macro   0x000000000001e885      0x29c ./Core/Src/fonts.o
 .debug_macro   0x000000000001eb21       0x2e ./Core/Src/fonts.o
 .debug_macro   0x000000000001eb4f      0x1b5 ./Core/Src/fonts.o
 .debug_macro   0x000000000001ed04       0x22 ./Core/Src/fonts.o
 .debug_macro   0x000000000001ed26       0xd6 ./Core/Src/fonts.o
 .debug_macro   0x000000000001edfc      0x11a ./Core/Src/fonts.o
 .debug_macro   0x000000000001ef16       0xe8 ./Core/Src/fonts.o
 .debug_macro   0x000000000001effe       0x89 ./Core/Src/fonts.o
 .debug_macro   0x000000000001f087      0x8e6 ./Core/Src/fonts.o
 .debug_macro   0x000000000001f96d       0x4d ./Core/Src/fonts.o
 .debug_macro   0x000000000001f9ba      0x295 ./Core/Src/fonts.o
 .debug_macro   0x000000000001fc4f      0x126 ./Core/Src/fonts.o
 .debug_macro   0x000000000001fd75       0x52 ./Core/Src/fonts.o
 .debug_macro   0x000000000001fdc7       0x1e ./Core/Src/fonts.o
 .debug_macro   0x000000000001fde5       0x3c ./Core/Src/fonts.o
 .debug_macro   0x000000000001fe21       0x34 ./Core/Src/fonts.o
 .debug_macro   0x000000000001fe55       0x16 ./Core/Src/fonts.o
 .debug_macro   0x000000000001fe6b       0x43 ./Core/Src/fonts.o
 .debug_macro   0x000000000001feae       0x34 ./Core/Src/fonts.o
 .debug_macro   0x000000000001fee2       0x10 ./Core/Src/fonts.o
 .debug_macro   0x000000000001fef2       0x58 ./Core/Src/fonts.o
 .debug_macro   0x000000000001ff4a       0x71 ./Core/Src/fonts.o
 .debug_macro   0x000000000001ffbb       0x1c ./Core/Src/fonts.o
 .debug_macro   0x000000000001ffd7      0x12a ./Core/Src/fonts.o
 .debug_macro   0x0000000000020101      0x341 ./Core/Src/fonts.o
 .debug_macro   0x0000000000020442       0x10 ./Core/Src/fonts.o
 .debug_macro   0x0000000000020452       0x35 ./Core/Src/fonts.o
 .debug_macro   0x0000000000020487       0x20 ./Core/Src/fonts.o
 .debug_macro   0x00000000000204a7      0x200 ./Core/Src/gpio.o
 .debug_macro   0x00000000000206a7       0x88 ./Core/Src/gpio.o
 .debug_macro   0x000000000002072f      0x200 ./Core/Src/i2c.o
 .debug_macro   0x000000000002092f      0x36a ./Core/Src/main.o
 .debug_macro   0x0000000000020c99       0x16 ./Core/Src/main.o
 .debug_macro   0x0000000000020caf       0x16 ./Core/Src/main.o
 .debug_macro   0x0000000000020cc5       0x29 ./Core/Src/main.o
 .debug_macro   0x0000000000020cee       0x1d ./Core/Src/main.o
 .debug_macro   0x0000000000020d0b      0x19b ./Core/Src/main.o
 .debug_macro   0x0000000000020ea6      0x34a ./Core/Src/ssd1306.o
 .debug_macro   0x00000000000211f0      0x1f6 ./Core/Src/stm32f4xx_hal_msp.o
 .debug_macro   0x00000000000213e6      0x200 ./Core/Src/stm32f4xx_it.o
 .debug_macro   0x00000000000215e6      0x1e7 ./Core/Src/system_stm32f4xx.o
 .debug_macro   0x00000000000217cd      0x200 ./Core/Src/tim.o
 .debug_macro   0x00000000000219cd      0x200 ./Core/Src/usart.o
 .debug_macro   0x0000000000021bcd      0x247 ./Drivers/STM32F4xx_HAL_Driver/Src/stm32f4xx_hal.o
 .debug_macro   0x0000000000021e14      0x1e7 ./Drivers/STM32F4xx_HAL_Driver/Src/stm32f4xx_hal_cortex.o
 .debug_macro   0x0000000000021ffb      0x1ed ./Drivers/STM32F4xx_HAL_Driver/Src/stm32f4xx_hal_gpio.o
 .debug_macro   0x00000000000221e8      0x22e ./Drivers/STM32F4xx_HAL_Driver/Src/stm32f4xx_hal_i2c.o
 .debug_macro   0x0000000000022416      0x20b ./Drivers/STM32F4xx_HAL_Driver/Src/stm32f4xx_hal_rcc.o
 .debug_macro   0x0000000000022621      0x1e7 ./Drivers/STM32F4xx_HAL_Driver/Src/stm32f4xx_hal_rcc_ex.o
 .debug_macro   0x0000000000022808      0x1e8 ./Drivers/STM32F4xx_HAL_Driver/Src/stm32f4xx_hal_tim.o
 .debug_macro   0x00000000000229f0      0x1e7 ./Drivers/STM32F4xx_HAL_Driver/Src/stm32f4xx_hal_tim_ex.o
 .debug_macro   0x0000000000022bd7      0x1e8 ./Drivers/STM32F4xx_HAL_Driver/Src/stm32f4xx_hal_uart.o

.debug_line     0x0000000000000000    0x15137
 .debug_line    0x0000000000000000      0x85a ./Core/Src/fonts.o
 .debug_line    0x000000000000085a      0x726 ./Core/Src/gpio.o
 .debug_line    0x0000000000000f80      0x76f ./Core/Src/i2c.o
 .debug_line    0x00000000000016ef      0xaed ./Core/Src/main.o
 .debug_line    0x00000000000021dc     0x102e ./Core/Src/ssd1306.o
 .debug_line    0x000000000000320a      0x6f5 ./Core/Src/stm32f4xx_hal_msp.o
 .debug_line    0x00000000000038ff      0x7e9 ./Core/Src/stm32f4xx_it.o
 .debug_line    0x00000000000040e8      0x776 ./Core/Src/system_stm32f4xx.o
 .debug_line    0x000000000000485e      0x942 ./Core/Src/tim.o
 .debug_line    0x00000000000051a0      0x75e ./Core/Src/usart.o
 .debug_line    0x00000000000058fe       0x88 ./Core/Startup/startup_stm32f446retx.o
 .debug_line    0x0000000000005986      0x9dc ./Drivers/STM32F4xx_HAL_Driver/Src/stm32f4xx_hal.o
 .debug_line    0x0000000000006362      0xc8b ./Drivers/STM32F4xx_HAL_Driver/Src/stm32f4xx_hal_cortex.o
 .debug_line    0x0000000000006fed      0xb3c ./Drivers/STM32F4xx_HAL_Driver/Src/stm32f4xx_hal_gpio.o
 .debug_line    0x0000000000007b29     0x3991 ./Drivers/STM32F4xx_HAL_Driver/Src/stm32f4xx_hal_i2c.o
 .debug_line    0x000000000000b4ba      0xd64 ./Drivers/STM32F4xx_HAL_Driver/Src/stm32f4xx_hal_rcc.o
 .debug_line    0x000000000000c21e     0x13ef ./Drivers/STM32F4xx_HAL_Driver/Src/stm32f4xx_hal_rcc_ex.o
 .debug_line    0x000000000000d60d     0x36d0 ./Drivers/STM32F4xx_HAL_Driver/Src/stm32f4xx_hal_tim.o
 .debug_line    0x0000000000010cdd     0x19d9 ./Drivers/STM32F4xx_HAL_Driver/Src/stm32f4xx_hal_tim_ex.o
 .debug_line    0x00000000000126b6     0x2a81 ./Drivers/STM32F4xx_HAL_Driver/Src/stm32f4xx_hal_uart.o

.debug_str      0x0000000000000000    0xd309c
 .debug_str     0x0000000000000000    0xcd547 ./Core/Src/fonts.o
                                      0xcd800 (size before relaxing)
 .debug_str     0x00000000000cd547      0x3f8 ./Core/Src/gpio.o
                                      0xcad03 (size before relaxing)
 .debug_str     0x00000000000cd93f      0x52e ./Core/Src/i2c.o
                                      0xcb237 (size before relaxing)
 .debug_str     0x00000000000cde6d     0x1019 ./Core/Src/main.o
                                      0xcee48 (size before relaxing)
 .debug_str     0x00000000000cee86      0x4df ./Core/Src/ssd1306.o
                                      0xce347 (size before relaxing)
 .debug_str     0x00000000000cf365       0x49 ./Core/Src/stm32f4xx_hal_msp.o
                                      0xcac55 (size before relaxing)
 .debug_str     0x00000000000cf3ae      0x113 ./Core/Src/stm32f4xx_it.o
                                      0xcb12c (size before relaxing)
 .debug_str     0x00000000000cf4c1       0xdb ./Core/Src/system_stm32f4xx.o
                                      0xcab00 (size before relaxing)
 .debug_str     0x00000000000cf59c      0x8b5 ./Core/Src/tim.o
                                      0xcbb5f (size before relaxing)
 .debug_str     0x00000000000cfe51      0x20c ./Core/Src/usart.o
                                      0xcb198 (size before relaxing)
 .debug_str     0x00000000000d005d       0x36 ./Core/Startup/startup_stm32f446retx.o
                                         0x6d (size before relaxing)
 .debug_str     0x00000000000d0093      0x5fa ./Drivers/STM32F4xx_HAL_Driver/Src/stm32f4xx_hal.o
                                      0xcb6c5 (size before relaxing)
 .debug_str     0x00000000000d068d      0x341 ./Drivers/STM32F4xx_HAL_Driver/Src/stm32f4xx_hal_cortex.o
                                      0xcb3d3 (size before relaxing)
 .debug_str     0x00000000000d09ce      0x110 ./Drivers/STM32F4xx_HAL_Driver/Src/stm32f4xx_hal_gpio.o
                                      0xcac7b (size before relaxing)
 .debug_str     0x00000000000d0ade      0xae1 ./Drivers/STM32F4xx_HAL_Driver/Src/stm32f4xx_hal_i2c.o
                                      0xcbaab (size before relaxing)
 .debug_str     0x00000000000d15bf      0x213 ./Drivers/STM32F4xx_HAL_Driver/Src/stm32f4xx_hal_rcc.o
                                      0xcaf39 (size before relaxing)
 .debug_str     0x00000000000d17d2      0x324 ./Drivers/STM32F4xx_HAL_Driver/Src/stm32f4xx_hal_rcc_ex.o
                                      0xcaf6c (size before relaxing)
 .debug_str     0x00000000000d1af6      0xbec ./Drivers/STM32F4xx_HAL_Driver/Src/stm32f4xx_hal_tim.o
                                      0xcbe55 (size before relaxing)
 .debug_str     0x00000000000d26e2      0x3b8 ./Drivers/STM32F4xx_HAL_Driver/Src/stm32f4xx_hal_tim_ex.o
                                      0xcb671 (size before relaxing)
 .debug_str     0x00000000000d2a9a      0x602 ./Drivers/STM32F4xx_HAL_Driver/Src/stm32f4xx_hal_uart.o
                                      0xcb4ae (size before relaxing)

.comment        0x0000000000000000       0x50
 .comment       0x0000000000000000       0x50 ./Core/Src/fonts.o
                                         0x51 (size before relaxing)
 .comment       0x0000000000000050       0x51 ./Core/Src/gpio.o
 .comment       0x0000000000000050       0x51 ./Core/Src/i2c.o
 .comment       0x0000000000000050       0x51 ./Core/Src/main.o
 .comment       0x0000000000000050       0x51 ./Core/Src/ssd1306.o
 .comment       0x0000000000000050       0x51 ./Core/Src/stm32f4xx_hal_msp.o
 .comment       0x0000000000000050       0x51 ./Core/Src/stm32f4xx_it.o
 .comment       0x0000000000000050       0x51 ./Core/Src/system_stm32f4xx.o
 .comment       0x0000000000000050       0x51 ./Core/Src/tim.o
 .comment       0x0000000000000050       0x51 ./Core/Src/usart.o
 .comment       0x0000000000000050       0x51 ./Drivers/STM32F4xx_HAL_Driver/Src/stm32f4xx_hal.o
 .comment       0x0000000000000050       0x51 ./Drivers/STM32F4xx_HAL_Driver/Src/stm32f4xx_hal_cortex.o
 .comment       0x0000000000000050       0x51 ./Drivers/STM32F4xx_HAL_Driver/Src/stm32f4xx_hal_gpio.o
 .comment       0x0000000000000050       0x51 ./Drivers/STM32F4xx_HAL_Driver/Src/stm32f4xx_hal_i2c.o
 .comment       0x0000000000000050       0x51 ./Drivers/STM32F4xx_HAL_Driver/Src/stm32f4xx_hal_rcc.o
 .comment       0x0000000000000050       0x51 ./Drivers/STM32F4xx_HAL_Driver/Src/stm32f4xx_hal_rcc_ex.o
 .comment       0x0000000000000050       0x51 ./Drivers/STM32F4xx_HAL_Driver/Src/stm32f4xx_hal_tim.o
 .comment       0x0000000000000050       0x51 ./Drivers/STM32F4xx_HAL_Driver/Src/stm32f4xx_hal_tim_ex.o
 .comment       0x0000000000000050       0x51 ./Drivers/STM32F4xx_HAL_Driver/Src/stm32f4xx_hal_uart.o

.debug_frame    0x0000000000000000     0x44f4
 .debug_frame   0x0000000000000000       0x38 ./Core/Src/fonts.o
 .debug_frame   0x0000000000000038       0x34 ./Core/Src/gpio.o
 .debug_frame   0x000000000000006c       0x74 ./Core/Src/i2c.o
 .debug_frame   0x00000000000000e0      0x118 ./Core/Src/main.o
 .debug_frame   0x00000000000001f8      0x414 ./Core/Src/ssd1306.o
 .debug_frame   0x000000000000060c       0x34 ./Core/Src/stm32f4xx_hal_msp.o
 .debug_frame   0x0000000000000640      0x13c ./Core/Src/stm32f4xx_it.o
 .debug_frame   0x000000000000077c       0x58 ./Core/Src/system_stm32f4xx.o
 .debug_frame   0x00000000000007d4      0x148 ./Core/Src/tim.o
 .debug_frame   0x000000000000091c       0x74 ./Core/Src/usart.o
 .debug_frame   0x0000000000000990      0x374 ./Drivers/STM32F4xx_HAL_Driver/Src/stm32f4xx_hal.o
 .debug_frame   0x0000000000000d04      0x498 ./Drivers/STM32F4xx_HAL_Driver/Src/stm32f4xx_hal_cortex.o
 .debug_frame   0x000000000000119c      0x14c ./Drivers/STM32F4xx_HAL_Driver/Src/stm32f4xx_hal_gpio.o
 .debug_frame   0x00000000000012e8      0xc5c ./Drivers/STM32F4xx_HAL_Driver/Src/stm32f4xx_hal_i2c.o
 .debug_frame   0x0000000000001f44      0x1f4 ./Drivers/STM32F4xx_HAL_Driver/Src/stm32f4xx_hal_rcc.o
 .debug_frame   0x0000000000002138      0x1e8 ./Drivers/STM32F4xx_HAL_Driver/Src/stm32f4xx_hal_rcc_ex.o
 .debug_frame   0x0000000000002320     0x11c4 ./Drivers/STM32F4xx_HAL_Driver/Src/stm32f4xx_hal_tim.o
 .debug_frame   0x00000000000034e4      0x638 ./Drivers/STM32F4xx_HAL_Driver/Src/stm32f4xx_hal_tim_ex.o
 .debug_frame   0x0000000000003b1c      0x92c ./Drivers/STM32F4xx_HAL_Driver/Src/stm32f4xx_hal_uart.o
 .debug_frame   0x0000000000004448       0x2c c:/st/stm32cubeide_1.12.0/stm32cubeide/plugins/com.st.stm32cube.ide.mcu.externaltools.gnu-tools-for-stm32.10.3-2021.10.win32_1.0.200.202301161003/tools/bin/../lib/gcc/arm-none-eabi/10.3.1/../../../../arm-none-eabi/lib/thumb/v7e-m+fp/hard\libc_nano.a(lib_a-init.o)
 .debug_frame   0x0000000000004474       0x20 c:/st/stm32cubeide_1.12.0/stm32cubeide/plugins/com.st.stm32cube.ide.mcu.externaltools.gnu-tools-for-stm32.10.3-2021.10.win32_1.0.200.202301161003/tools/bin/../lib/gcc/arm-none-eabi/10.3.1/../../../../arm-none-eabi/lib/thumb/v7e-m+fp/hard\libc_nano.a(lib_a-memset.o)
 .debug_frame   0x0000000000004494       0x2c c:/st/stm32cubeide_1.12.0/stm32cubeide/plugins/com.st.stm32cube.ide.mcu.externaltools.gnu-tools-for-stm32.10.3-2021.10.win32_1.0.200.202301161003/tools/bin/../lib/gcc/arm-none-eabi/10.3.1/thumb/v7e-m+fp/hard\libgcc.a(_aeabi_uldivmod.o)
 .debug_frame   0x00000000000044c0       0x34 c:/st/stm32cubeide_1.12.0/stm32cubeide/plugins/com.st.stm32cube.ide.mcu.externaltools.gnu-tools-for-stm32.10.3-2021.10.win32_1.0.200.202301161003/tools/bin/../lib/gcc/arm-none-eabi/10.3.1/thumb/v7e-m+fp/hard\libgcc.a(_udivmoddi4.o)
